// Jest Snapshot v1, https://goo.gl/fbAQLP

exports[`makes an initial API call and renders, first two images to have src provided 1`] = `
<div>
  <div
    class="images"
  >
    <div>
      <div
        class="loader"
        style="margin: 0px auto;"
      >
        Loading...
      </div>
      <div
        class="image"
      >
        <picture>
          <img
            alt="painting3.jpg"
            class="image1"
            src="/painting3.jpg"
            title="image"
          />
        </picture>
        <div
          class="expand"
        >
          <span>
            painting3_text
          </span>
          <img
            alt="thumb"
            class="image2"
            src="/painting3_thumb.jpg"
          />
        </div>
      </div>
    </div>
    <div>
      <div
        class="loader"
        style="margin: 0px auto;"
      >
        Loading...
      </div>
      <div
        class="image"
      >
        <picture>
          <img
            alt="painting2.jpg"
            class="image1"
            src="/painting2.jpg"
            title="image"
          />
        </picture>
        <div
          class="expand"
        >
          <span>
            painting2_text
          </span>
          <img
            alt="thumb"
            class="image2"
            src="/painting2_thumb.jpg"
          />
        </div>
      </div>
    </div>
    <div>
      <div
        class="image"
      >
        <picture>
          <img
            alt="painting1.jpg"
            class="image1"
            title="image"
          />
        </picture>
        <div
          class="expand"
        >
          <span>
            painting1_text
          </span>
        </div>
      </div>
    </div>
  </div>
  <div
    class="back-to-top"
  >
    <i
      aria-hidden="true"
      class="fa fa-step-forward fa-lg"
    />
  </div>
  <div
    class="back-to-top test"
  >
    0
  </div>
</div>
`;
